POLYGON ((-122.37185668945311 37.815566589202959, -122.36464691162108 37.818414354930027, -122.36258697509764 37.821804408982409, -122.36876678466795 37.831160150246035, -122.37340164184569 37.832244797136333, -122.37769317626952 37.830753403551292, -122.3792381286621 37.826821403234213, -122.37185668945311 37.815566589202959))