select distinct top (11) (s.[StructureId]), s.[Json] from [MyClassStructure] s;