select top (1) s.[Json] from [MyClassStructure] s;