select distinct (s.[StructureId]), s.[Json] from [MyClassStructure] s left join [MyClassBooleans] mem0 on mem0.[StructureId] = s.[StructureId] and mem0.[MemberPath] = 'Bool1' where (mem0.[Value] = @p0);