select distinct (s.[StructureId]), s.[Json] from [MyClassStructure] s left join [MyClassStrings] mem0 on mem0.[StructureId] = s.[StructureId] and mem0.[MemberPath] = 'String1' left join [MyClassIntegers] mem1 on mem1.[StructureId] = s.[StructureId] and mem1.[MemberPath] = 'Int1' left join [MyClassStrings] mem2 on mem2.[StructureId] = s.[StructureId] and mem2.[MemberPath] = 'ListOfStrings' where (((mem0.[Value] like @p0) or (mem1.[Value] = @p1)) or (mem2.[Value] = @p2));