select s.[Json] from (select s.[StructureId] , row_number() over (order by min(mem0.[Value]) Asc) RowNum from [MyClassStructure] s left join [MyClassIntegers] mem0 on mem0.[StructureId] = s.[StructureId] and mem0.[MemberPath] = 'Int1' where (mem0.[Value] = @p0) group by s.[StructureId]) rs inner join [MyClassStructure] s on s.[StructureId] = rs.[StructureId] where rs.RowNum > @skipRows and rs.RowNum <= @takeRows;