select s.[Json] from (select s.[StructureId], min(mem0.[Value]) mem0 from [MyClassStructure] s left join [MyClassIntegers] mem0 on mem0.[StructureId] = s.[StructureId] and mem0.[MemberPath] = 'Int1' where (mem0.[Value] = @p0) group by s.[StructureId]) rs inner join [MyClassStructure] s on s.[StructureId] = rs.[StructureId] order by mem0 Asc offset @skipRows rows fetch next @takeRows rows only;