select s.[Json] from (select s.[StructureId] , row_number() over (order by ) RowNum from [MyClassStructure] s group by s.[StructureId]) rs inner join [MyClassStructure] s on s.[StructureId] = rs.[StructureId] where rs.RowNum > @skipRows;