select distinct (s.[StructureId]), s.[Json] from [MyClassStructure] s left join [MyClassIntegers] mem0 on mem0.[StructureId] = s.[StructureId] and mem0.[MemberPath] = 'Int1' where ((mem0.[Value] >= @p0) and (mem0.[Value] <= @p1));