select distinct top (1) (s.[StructureId]), s.[Json] from [MyClassStructure] s;