select distinct (s.[StructureId]), s.[Json] from [MyClassStructure] s left join [MyClassStrings] mem0 on mem0.[StructureId] = s.[StructureId] and mem0.[MemberPath] = 'MyEnum1' where ((mem0.[Value] = @p0) or (mem0.[Value] = @p1));