select distinct top (2) (s.[StructureId]), s.[Json] from [MyClassStructure] s;