select top (11) s.[Json] from (select s.[StructureId] from [MyClassStructure] s group by s.[StructureId]) rs inner join [MyClassStructure] s on s.[StructureId] = rs.[StructureId];